// Jest Snapshot v1, https://goo.gl/fbAQLP

exports[`Projects screen should render correclty 1`] = `
Object {
  "asFragment": [Function],
  "baseElement": <body>
    <div>
      <div
        class="sc-gKsewC boQHEy project__wrapper"
      >
        <div
          class="sc-gsTCUz fpWFeS project__wrapper--item"
          id="projects"
        >
          <h2
            class="sc-dlfnbm bTDNWh"
          >
            St. Joseph´s
          </h2>
          <h3
            class="sc-hKgILt hePxsW"
          >
            A project to revamp the existing church website for a responsive, mobile-first, modern and accessible feel.
          </h3>
          <h4
            class="sc-eCssSg jEITQI"
          >
            HTML, CSS, and Vanilla JS
          </h4>
          <div
            class="sc-jSgupP cLmBLZ"
          >
            <a
              aria-label="button"
              class="sc-bdfBwQ dZokzn"
              href="https://demo-stjosephs.netlify.app/"
            >
              Live Demo
            </a>
            <a
              aria-label="button"
              class="sc-bdfBwQ dZokzn"
              href="https://github.com/0750kosse/StJosephs"
            >
              GitHub
            </a>
          </div>
        </div>
        <div
          class="sc-gsTCUz fpWFeS project__wrapper--item"
          id="projects"
        >
          <h2
            class="sc-dlfnbm bTDNWh"
          >
            PetBuddy
          </h2>
          <h3
            class="sc-hKgILt hePxsW"
          >
            A commercial project building a responsive, writing clean, reusable code for a local pet business.
          </h3>
          <h4
            class="sc-eCssSg jEITQI"
          >
            ReactJs, Typescript, React testing library
          </h4>
          <div
            class="sc-jSgupP cLmBLZ"
          >
            <a
              aria-label="button"
              class="sc-bdfBwQ dZokzn"
              href="Coming soon"
            >
              Live Demo
            </a>
            <a
              aria-label="button"
              class="sc-bdfBwQ dZokzn"
              href="https://github.com/t0nin0s/petbuddy-website"
            >
              GitHub
            </a>
          </div>
        </div>
        <div
          class="sc-gsTCUz fpWFeS project__wrapper--item"
          id="projects"
        >
          <h2
            class="sc-dlfnbm bTDNWh"
          >
            Netfailx
          </h2>
          <h3
            class="sc-hKgILt hePxsW"
          >
            Bored at home...? Check out this movie search engine which uses the Open Movie Database API.
          </h3>
          <h4
            class="sc-eCssSg jEITQI"
          >
            React, Javascript, Jest & Enzyme
          </h4>
          <div
            class="sc-jSgupP cLmBLZ"
          >
            <a
              aria-label="button"
              class="sc-bdfBwQ dZokzn"
              href="https://netfailx.netlify.app"
            >
              Live Demo
            </a>
            <a
              aria-label="button"
              class="sc-bdfBwQ dZokzn"
              href="https://github.com/0750kosse/movieapp-react"
            >
              GitHub
            </a>
          </div>
        </div>
        <div
          class="sc-gsTCUz fpWFeS project__wrapper--item"
          id="projects"
        >
          <h2
            class="sc-dlfnbm bTDNWh"
          >
            Domino ́s Pizza
          </h2>
          <h3
            class="sc-hKgILt hePxsW"
          >
            Hungry after the movie...? Then use my online takeaway pizza application...
          </h3>
          <h4
            class="sc-eCssSg jEITQI"
          >
            Node, Express, Mongoose, AWS, MongoDB
          </h4>
          <div
            class="sc-jSgupP cLmBLZ"
          >
            <a
              aria-label="button"
              class="sc-bdfBwQ dZokzn"
              href="https://pizzadominos.herokuapp.com/"
            >
              Live Demo
            </a>
            <a
              aria-label="button"
              class="sc-bdfBwQ dZokzn"
              href="https://github.com/0750kosse/restful-pizza"
            >
              GitHub
            </a>
          </div>
        </div>
      </div>
    </div>
  </body>,
  "container": <div>
    <div
      class="sc-gKsewC boQHEy project__wrapper"
    >
      <div
        class="sc-gsTCUz fpWFeS project__wrapper--item"
        id="projects"
      >
        <h2
          class="sc-dlfnbm bTDNWh"
        >
          St. Joseph´s
        </h2>
        <h3
          class="sc-hKgILt hePxsW"
        >
          A project to revamp the existing church website for a responsive, mobile-first, modern and accessible feel.
        </h3>
        <h4
          class="sc-eCssSg jEITQI"
        >
          HTML, CSS, and Vanilla JS
        </h4>
        <div
          class="sc-jSgupP cLmBLZ"
        >
          <a
            aria-label="button"
            class="sc-bdfBwQ dZokzn"
            href="https://demo-stjosephs.netlify.app/"
          >
            Live Demo
          </a>
          <a
            aria-label="button"
            class="sc-bdfBwQ dZokzn"
            href="https://github.com/0750kosse/StJosephs"
          >
            GitHub
          </a>
        </div>
      </div>
      <div
        class="sc-gsTCUz fpWFeS project__wrapper--item"
        id="projects"
      >
        <h2
          class="sc-dlfnbm bTDNWh"
        >
          PetBuddy
        </h2>
        <h3
          class="sc-hKgILt hePxsW"
        >
          A commercial project building a responsive, writing clean, reusable code for a local pet business.
        </h3>
        <h4
          class="sc-eCssSg jEITQI"
        >
          ReactJs, Typescript, React testing library
        </h4>
        <div
          class="sc-jSgupP cLmBLZ"
        >
          <a
            aria-label="button"
            class="sc-bdfBwQ dZokzn"
            href="Coming soon"
          >
            Live Demo
          </a>
          <a
            aria-label="button"
            class="sc-bdfBwQ dZokzn"
            href="https://github.com/t0nin0s/petbuddy-website"
          >
            GitHub
          </a>
        </div>
      </div>
      <div
        class="sc-gsTCUz fpWFeS project__wrapper--item"
        id="projects"
      >
        <h2
          class="sc-dlfnbm bTDNWh"
        >
          Netfailx
        </h2>
        <h3
          class="sc-hKgILt hePxsW"
        >
          Bored at home...? Check out this movie search engine which uses the Open Movie Database API.
        </h3>
        <h4
          class="sc-eCssSg jEITQI"
        >
          React, Javascript, Jest & Enzyme
        </h4>
        <div
          class="sc-jSgupP cLmBLZ"
        >
          <a
            aria-label="button"
            class="sc-bdfBwQ dZokzn"
            href="https://netfailx.netlify.app"
          >
            Live Demo
          </a>
          <a
            aria-label="button"
            class="sc-bdfBwQ dZokzn"
            href="https://github.com/0750kosse/movieapp-react"
          >
            GitHub
          </a>
        </div>
      </div>
      <div
        class="sc-gsTCUz fpWFeS project__wrapper--item"
        id="projects"
      >
        <h2
          class="sc-dlfnbm bTDNWh"
        >
          Domino ́s Pizza
        </h2>
        <h3
          class="sc-hKgILt hePxsW"
        >
          Hungry after the movie...? Then use my online takeaway pizza application...
        </h3>
        <h4
          class="sc-eCssSg jEITQI"
        >
          Node, Express, Mongoose, AWS, MongoDB
        </h4>
        <div
          class="sc-jSgupP cLmBLZ"
        >
          <a
            aria-label="button"
            class="sc-bdfBwQ dZokzn"
            href="https://pizzadominos.herokuapp.com/"
          >
            Live Demo
          </a>
          <a
            aria-label="button"
            class="sc-bdfBwQ dZokzn"
            href="https://github.com/0750kosse/restful-pizza"
          >
            GitHub
          </a>
        </div>
      </div>
    </div>
  </div>,
  "debug": [Function],
  "findAllByAltText": [Function],
  "findAllByDisplayValue": [Function],
  "findAllByLabelText": [Function],
  "findAllByPlaceholderText": [Function],
  "findAllByRole": [Function],
  "findAllByTestId": [Function],
  "findAllByText": [Function],
  "findAllByTitle": [Function],
  "findByAltText": [Function],
  "findByDisplayValue": [Function],
  "findByLabelText": [Function],
  "findByPlaceholderText": [Function],
  "findByRole": [Function],
  "findByTestId": [Function],
  "findByText": [Function],
  "findByTitle": [Function],
  "getAllByAltText": [Function],
  "getAllByDisplayValue": [Function],
  "getAllByLabelText": [Function],
  "getAllByPlaceholderText": [Function],
  "getAllByRole": [Function],
  "getAllByTestId": [Function],
  "getAllByText": [Function],
  "getAllByTitle": [Function],
  "getByAltText": [Function],
  "getByDisplayValue": [Function],
  "getByLabelText": [Function],
  "getByPlaceholderText": [Function],
  "getByRole": [Function],
  "getByTestId": [Function],
  "getByText": [Function],
  "getByTitle": [Function],
  "queryAllByAltText": [Function],
  "queryAllByDisplayValue": [Function],
  "queryAllByLabelText": [Function],
  "queryAllByPlaceholderText": [Function],
  "queryAllByRole": [Function],
  "queryAllByTestId": [Function],
  "queryAllByText": [Function],
  "queryAllByTitle": [Function],
  "queryByAltText": [Function],
  "queryByDisplayValue": [Function],
  "queryByLabelText": [Function],
  "queryByPlaceholderText": [Function],
  "queryByRole": [Function],
  "queryByTestId": [Function],
  "queryByText": [Function],
  "queryByTitle": [Function],
  "rerender": [Function],
  "unmount": [Function],
}
`;
